../Core/Src/main.c:97:6:microDelay	16	static
../Core/Src/main.c:103:9:DHT11_Start	32	static
../Core/Src/main.c:134:9:DHT11_Read	16	static
../Core/Src/main.c:166:5:main	168	static
../Core/Src/main.c:295:6:SystemClock_Config	88	static
../Core/Src/main.c:342:13:MX_ADC1_Init	24	static
../Core/Src/main.c:394:13:MX_TIM1_Init	32	static
../Core/Src/main.c:440:13:MX_TIM2_Init	32	static
../Core/Src/main.c:485:13:MX_TIM3_Init	32	static
../Core/Src/main.c:530:13:MX_USART1_UART_Init	8	static
../Core/Src/main.c:563:13:MX_USART2_UART_Init	8	static
../Core/Src/main.c:596:13:MX_GPIO_Init	48	static
../Core/Src/main.c:636:6:Error_Handler	4	static,ignoring_inline_asm
