19:47:55 **** Incremental Build of configuration Release for project AirQuality_Sensor ****
make -j8 all 
arm-none-eabi-gcc "../Core/Src/main.c" -mcpu=cortex-m4 -std=gnu11 -DUSE_HAL_DRIVER -DSTM32F411xE -c -I../Core/Inc -I../Drivers/STM32F4xx_HAL_Driver/Inc -I../Drivers/STM32F4xx_HAL_Driver/Inc/Legacy -I../Drivers/CMSIS/Device/ST/STM32F4xx/Include -I../Drivers/CMSIS/Include -Os -ffunction-sections -fdata-sections -Wall -fstack-usage -fcyclomatic-complexity -MMD -MP -MF"Core/Src/main.d" -MT"Core/Src/main.o" --specs=nano.specs -mfpu=fpv4-sp-d16 -mfloat-abi=hard -mthumb -o "Core/Src/main.o"
../Core/Src/main.c: In function 'main':
../Core/Src/main.c:235:6: warning: implicit declaration of function 'sprintf' [-Wimplicit-function-declaration]
  235 |      sprintf(buf, "Dust Density : %d ug/m3\r", dustDensity);
      |      ^~~~~~~
../Core/Src/main.c:235:6: warning: incompatible implicit declaration of built-in function 'sprintf'
../Core/Src/main.c:21:1: note: include '<stdio.h>' or provide a declaration of 'sprintf'
   20 | #include "main.h"
  +++ |+#include <stdio.h>
   21 | 
../Core/Src/main.c:236:48: warning: implicit declaration of function 'strlen' [-Wimplicit-function-declaration]
  236 |      HAL_UART_Transmit(&huart2, (uint8_t*)buf, strlen(buf), 100);
      |                                                ^~~~~~
../Core/Src/main.c:236:48: warning: incompatible implicit declaration of built-in function 'strlen'
../Core/Src/main.c:21:1: note: include '<string.h>' or provide a declaration of 'strlen'
   20 | #include "main.h"
  +++ |+#include <string.h>
   21 | 
../Core/Src/main.c:259:34: warning: pointer targets in passing argument 2 of 'HAL_UART_Transmit' differ in signedness [-Wpointer-sign]
  259 |       HAL_UART_Transmit(&huart2, out, 50, 100);
      |                                  ^~~
      |                                  |
      |                                  char *
In file included from ../Core/Inc/stm32f4xx_hal_conf.h:411,
                 from ../Drivers/STM32F4xx_HAL_Driver/Inc/stm32f4xx_hal.h:29,
                 from ../Core/Inc/main.h:30,
                 from ../Core/Src/main.c:20:
../Drivers/STM32F4xx_HAL_Driver/Inc/stm32f4xx_hal_uart.h:722:79: note: expected 'const uint8_t *' {aka 'const unsigned char *'} but argument is of type 'char *'
  722 | HAL_StatusTypeDef HAL_UART_Transmit(UART_HandleTypeDef *huart, const uint8_t *pData, uint16_t Size, uint32_t Timeout);
      |                                                                ~~~~~~~~~~~~~~~^~~~~
../Core/Src/main.c: In function 'DHT11_Read':
../Core/Src/main.c:145:8: warning: 'b' may be used uninitialized in this function [-Wmaybe-uninitialized]
  145 |       b&= ~(1<<(7-a));
      |        ^~
../Core/Src/main.c: In function 'main':
../Core/Src/main.c:273:39: warning: '
   ' directive writing 2 bytes into a region of size between 1 and 5 [-Wformat-overflow=]
  273 |      sprintf(buffer, "Carbon value: %u\r\n", reading);
      |                                       ^~~~
../Core/Src/main.c:273:6: note: 'sprintf' output between 18 and 22 bytes into a destination of size 20
  273 |      sprintf(buffer, "Carbon value: %u\r\n", reading);
      |      ^~~~~~~~~~~~~~~~~~~~~~~~~~~~~~~~~~~~~~~~~~~~~~~~
arm-none-eabi-gcc -o "AirQuality_Sensor.elf" @"objects.list"   -mcpu=cortex-m4 -T"C:\Users\ACER NITRO 5\Documents\Intaniacom1\Year2_2\Embedded_lab\Project\stm32_trial\AirQuality_Sensor\STM32F411RETX_FLASH.ld" --specs=nosys.specs -Wl,-Map="AirQuality_Sensor.map" -Wl,--gc-sections -static --specs=nano.specs -mfpu=fpv4-sp-d16 -mfloat-abi=hard -mthumb -Wl,--start-group -lc -lm -Wl,--end-group
Finished building target: AirQuality_Sensor.elf
 
arm-none-eabi-size   AirQuality_Sensor.elf 
arm-none-eabi-objdump -h -S  AirQuality_Sensor.elf  > "AirQuality_Sensor.list"
   text	   data	    bss	    dec	    hex	filename
  13008	    132	   1988	  15128	   3b18	AirQuality_Sensor.elf
Finished building: default.size.stdout
 
Finished building: AirQuality_Sensor.list
 

19:47:56 Build Finished. 0 errors, 7 warnings. (took 770ms)

