19:49:31 **** Incremental Build of configuration Debug for project Nodemcu_trial ****
make -j8 all 
arm-none-eabi-gcc "../Core/Src/main.c" -mcpu=cortex-m4 -std=gnu11 -g3 -DDEBUG -DUSE_HAL_DRIVER -DSTM32F411xE -c -I../Core/Inc -I../Drivers/STM32F4xx_HAL_Driver/Inc -I../Drivers/STM32F4xx_HAL_Driver/Inc/Legacy -I../Drivers/CMSIS/Device/ST/STM32F4xx/Include -I../Drivers/CMSIS/Include -O0 -ffunction-sections -fdata-sections -Wall -fstack-usage -fcyclomatic-complexity -MMD -MP -MF"Core/Src/main.d" -MT"Core/Src/main.o" --specs=nano.specs -mfpu=fpv4-sp-d16 -mfloat-abi=hard -mthumb -o "Core/Src/main.o"
../Core/Src/main.c: In function 'main':
../Core/Src/main.c:107:4: warning: implicit declaration of function 'sprintf' [-Wimplicit-function-declaration]
  107 |    sprintf(buffer, "Tar value : = %u\r\n", reading);
      |    ^~~~~~~
../Core/Src/main.c:107:4: warning: incompatible implicit declaration of built-in function 'sprintf'
../Core/Src/main.c:21:1: note: include '<stdio.h>' or provide a declaration of 'sprintf'
   20 | #include "main.h"
  +++ |+#include <stdio.h>
   21 | 
../Core/Src/main.c:108:38: warning: implicit declaration of function 'strlen' [-Wimplicit-function-declaration]
  108 |    HAL_UART_Transmit(&huart2,buffer, strlen(buffer), 2000);
      |                                      ^~~~~~
../Core/Src/main.c:108:38: warning: incompatible implicit declaration of built-in function 'strlen'
../Core/Src/main.c:21:1: note: include '<string.h>' or provide a declaration of 'strlen'
   20 | #include "main.h"
  +++ |+#include <string.h>
   21 | 
../Core/Src/main.c:108:30: warning: pointer targets in passing argument 2 of 'HAL_UART_Transmit' differ in signedness [-Wpointer-sign]
  108 |    HAL_UART_Transmit(&huart2,buffer, strlen(buffer), 2000);
      |                              ^~~~~~
      |                              |
      |                              char *
In file included from ../Core/Inc/stm32f4xx_hal_conf.h:411,
                 from ../Drivers/STM32F4xx_HAL_Driver/Inc/stm32f4xx_hal.h:29,
                 from ../Core/Inc/main.h:30,
                 from ../Core/Src/main.c:20:
../Drivers/STM32F4xx_HAL_Driver/Inc/stm32f4xx_hal_uart.h:722:79: note: expected 'const uint8_t *' {aka 'const unsigned char *'} but argument is of type 'char *'
  722 | HAL_StatusTypeDef HAL_UART_Transmit(UART_HandleTypeDef *huart, const uint8_t *pData, uint16_t Size, uint32_t Timeout);
      |                                                                ~~~~~~~~~~~~~~~^~~~~
arm-none-eabi-gcc -o "Nodemcu_trial.elf" @"objects.list"   -mcpu=cortex-m4 -T"C:\Users\ACER NITRO 5\Documents\Intaniacom1\Year2_2\Embedded_lab\Project\stm32_trial\Nodemcu_trial\STM32F411RETX_FLASH.ld" --specs=nosys.specs -Wl,-Map="Nodemcu_trial.map" -Wl,--gc-sections -static --specs=nano.specs -mfpu=fpv4-sp-d16 -mfloat-abi=hard -mthumb -Wl,--start-group -lc -lm -Wl,--end-group
Finished building target: Nodemcu_trial.elf
 
arm-none-eabi-size   Nodemcu_trial.elf 
arm-none-eabi-objdump -h -S  Nodemcu_trial.elf  > "Nodemcu_trial.list"
   text	   data	    bss	    dec	    hex	filename
  11040	    120	   1728	  12888	   3258	Nodemcu_trial.elf
Finished building: default.size.stdout
 
Finished building: Nodemcu_trial.list
 

19:49:31 Build Finished. 0 errors, 5 warnings. (took 858ms)

