22:07:43 **** Incremental Build of configuration Debug for project STM32_Gas_Sensor ****
make -j8 all 
arm-none-eabi-gcc "../Core/Src/main.c" -mcpu=cortex-m4 -std=gnu11 -g3 -DDEBUG -DUSE_HAL_DRIVER -DSTM32F411xE -c -I../Core/Inc -I../Drivers/STM32F4xx_HAL_Driver/Inc -I../Drivers/STM32F4xx_HAL_Driver/Inc/Legacy -I../Drivers/CMSIS/Device/ST/STM32F4xx/Include -I../Drivers/CMSIS/Include -O0 -ffunction-sections -fdata-sections -Wall -fstack-usage -fcyclomatic-complexity -MMD -MP -MF"Core/Src/main.d" -MT"Core/Src/main.o" --specs=nano.specs -mfpu=fpv4-sp-d16 -mfloat-abi=hard -mthumb -o "Core/Src/main.o"
../Core/Src/main.c: In function 'main':
../Core/Src/main.c:238:6: warning: implicit declaration of function 'sprintf' [-Wimplicit-function-declaration]
  238 |      sprintf(buf, "@%u|", dustDensity);
      |      ^~~~~~~
../Core/Src/main.c:238:6: warning: incompatible implicit declaration of built-in function 'sprintf'
../Core/Src/main.c:21:1: note: include '<stdio.h>' or provide a declaration of 'sprintf'
   20 | #include "main.h"
  +++ |+#include <stdio.h>
   21 | 
../Core/Src/main.c:239:48: warning: implicit declaration of function 'strlen' [-Wimplicit-function-declaration]
  239 |      HAL_UART_Transmit(&huart1, (uint8_t*)buf, strlen(buf), 100);
      |                                                ^~~~~~
../Core/Src/main.c:239:48: warning: incompatible implicit declaration of built-in function 'strlen'
../Core/Src/main.c:21:1: note: include '<string.h>' or provide a declaration of 'strlen'
   20 | #include "main.h"
  +++ |+#include <string.h>
   21 | 
../Core/Src/main.c:262:24: warning: format '%f' expects argument of type 'double', but argument 3 has type 'int' [-Wformat=]
  262 |       sprintf(out, "%.2f|", tCelsius);
      |                     ~~~^    ~~~~~~~~
      |                        |    |
      |                        |    int
      |                        double
      |                     %.2d
../Core/Src/main.c:263:34: warning: pointer targets in passing argument 2 of 'HAL_UART_Transmit' differ in signedness [-Wpointer-sign]
  263 |       HAL_UART_Transmit(&huart1, out, strlen(out), 100);
      |                                  ^~~
      |                                  |
      |                                  char *
In file included from ../Core/Inc/stm32f4xx_hal_conf.h:411,
                 from ../Drivers/STM32F4xx_HAL_Driver/Inc/stm32f4xx_hal.h:29,
                 from ../Core/Inc/main.h:30,
                 from ../Core/Src/main.c:20:
../Drivers/STM32F4xx_HAL_Driver/Inc/stm32f4xx_hal_uart.h:722:79: note: expected 'const uint8_t *' {aka 'const unsigned char *'} but argument is of type 'char *'
  722 | HAL_StatusTypeDef HAL_UART_Transmit(UART_HandleTypeDef *huart, const uint8_t *pData, uint16_t Size, uint32_t Timeout);
      |                                                                ~~~~~~~~~~~~~~~^~~~~
../Core/Src/main.c:265:35: warning: format '%f' expects argument of type 'double', but argument 3 has type 'char *' [-Wformat=]
  265 |       sprintf(temp, " temp : = %.2f\r\n", temp);
      |                                ~~~^       ~~~~
      |                                   |       |
      |                                   double  char *
      |                                %.2s
../Core/Src/main.c:266:34: warning: pointer targets in passing argument 2 of 'HAL_UART_Transmit' differ in signedness [-Wpointer-sign]
  266 |       HAL_UART_Transmit(&huart2, temp, 20, 100);
      |                                  ^~~~
      |                                  |
      |                                  char *
In file included from ../Core/Inc/stm32f4xx_hal_conf.h:411,
                 from ../Drivers/STM32F4xx_HAL_Driver/Inc/stm32f4xx_hal.h:29,
                 from ../Core/Inc/main.h:30,
                 from ../Core/Src/main.c:20:
../Drivers/STM32F4xx_HAL_Driver/Inc/stm32f4xx_hal_uart.h:722:79: note: expected 'const uint8_t *' {aka 'const unsigned char *'} but argument is of type 'char *'
  722 | HAL_StatusTypeDef HAL_UART_Transmit(UART_HandleTypeDef *huart, const uint8_t *pData, uint16_t Size, uint32_t Timeout);
      |                                                                ~~~~~~~~~~~~~~~^~~~~
arm-none-eabi-gcc -o "STM32_Gas_Sensor.elf" @"objects.list"   -mcpu=cortex-m4 -T"C:\Users\ACER NITRO 5\Documents\Intaniacom1\Year2_2\Embedded_lab\Project_trial\stm32_trial\STM32_Gas_Sensor\STM32F411RETX_FLASH.ld" --specs=nosys.specs -Wl,-Map="STM32_Gas_Sensor.map" -Wl,--gc-sections -static --specs=nano.specs -mfpu=fpv4-sp-d16 -mfloat-abi=hard -mthumb -u _printf_float -Wl,--start-group -lc -lm -Wl,--end-group
Finished building target: STM32_Gas_Sensor.elf
 
arm-none-eabi-size   STM32_Gas_Sensor.elf 
arm-none-eabi-objdump -h -S  STM32_Gas_Sensor.elf  > "STM32_Gas_Sensor.list"
   text	   data	    bss	    dec	    hex	filename
  30204	    500	   2052	  32756	   7ff4	STM32_Gas_Sensor.elf
Finished building: default.size.stdout
 
Finished building: STM32_Gas_Sensor.list
 

22:07:44 Build Finished. 0 errors, 8 warnings. (took 1s.410ms)

